[0;32m[INFO] スクリプト開始: 2025-07-04 11:30:03[0m
[0;32m[INFO] スクリプト正常終了: 2025-07-04 11:30:13(10秒[0m
[0;32m[INFO] スクリプト開始: 2025-07-04 11:31:22[0m
[0;32m[INFO] スクリプト正常終了: 2025-07-04 11:31:32(10秒[0m
